// Jest Snapshot v1, https://goo.gl/fbAQLP

exports[`button tests snapshot test 1`] = `[Function]`;
