// Jest Snapshot v1, https://goo.gl/fbAQLP

exports[`Speed Control Tests snapshot test 1`] = `[Function]`;
