// Jest Snapshot v1, https://goo.gl/fbAQLP

exports[`Timer Tests snapshot test 1`] = `[Function]`;
